[deploy] Starting deployment
[deploy] DEBUG: Checking environment
[deploy] Deployment successful
