resource-cli (resource-cli v1.0.0)

Creating: resource1
Created successfully!
