resource-cli (resource-cli v1.0.0)

Use a sub-command to manage resources
