resource-cli (resource-cli v1.0.0)

作成中: リソース1
作成完了！
