my-app (my-app v1.0.0)

Create a new resource

USAGE:
  my-app create <OPTIONS>

OPTIONS:
  -h, --help                 Display this help message
  -v, --version              Display this version
  -n, --name <name>

