resource-manager (resource-manager v1.0.0)

USAGE:
  resource-manager [COMMANDS] <OPTIONS>

COMMANDS:
  [manage] <OPTIONS>       Manage resources
  create <OPTIONS>         Create a new resource
  list <OPTIONS>           List all resources

For more info, run any command with the `--help` flag:
  resource-manager --help
  resource-manager create --help
  resource-manager list --help

OPTIONS:
  -h, --help             Display this help message
  -v, --version          Display this version

