resource-manager (resource-manager v1.0.0)

Use a sub-command
Run "resource-manager --help" for available commands
