dev-tools (dev-tools v2.0.0)

Running build command...
