╔═════════════════════════════════════════╗
║             TASK MANAGER                ║
╚═════════════════════════════════════════╝
A task management utility with custom usage generation
Version: 1.0.0


Marking task as complete: "Complete the project"
