╔═════════════════════════════════════════╗
║             TASK MANAGER                ║
╚═════════════════════════════════════════╝
A task management utility with custom usage generation
Version: 1.0.0


No action specified. Run with --help to see usage information.
