my-cli (my-cli v1.0.0)

[LOG] GET https://api.example.com/users
[
  {
    "id": 1,
    "name": "Alice"
  },
  {
    "id": 2,
    "name": "Bob"
  }
]
