my-cli (my-cli v1.0.0)

Optional argument '--endpoint' is required
