data-cli (data-cli v1.0.0)

Use process command to transform data
