[LOG] Command started: process
[ERROR] Monitoring enabled
>>> Executing actual command <<<
[LOG] Command completed
