i18n-example (i18n-example v1.0.0)

Good day, John!
