i18n-example (i18n-example v1.0.0)

USAGE:
  i18n-example <OPTIONS>

OPTIONS:
  -h, --help                 Display this help message
  -v, --version              Display this version
  -n, --name <name>          Name to greet
  -f, --formal               Use formal greeting

