// Vitest Snapshot v1, https://vitest.dev/guide/snapshot.html

exports[`@gunshi/bone > conbination with gunshi plugins 1`] = `
"app-bone is a @gunshi/bone example (app-bone v1.0.0)

USAGE:
  app-bone <OPTIONS>

OPTIONS:
  -h, --help             Display this help message
  -v, --version          Display this version
  --say [say]            say something (default: hello!)
"
`;

exports[`@gunshi/bone > conbination with gunshi plugins and extension 1`] = `
"app-bone is a @gunshi/bone example (app-bone v1.0.0)

1.0.0"
`;
