Database plugin initialized
Starting application with extensions...
