A simple greeting CLI (greet-cli v1.0.0)

HELLO, CHARLIE!
