About to run: server
my-app (my-app v1.0.0)

Starting server...
Command server completed successfully
