my-app (my-app v1.0.0)

Run a sub-command with --help for more info
