Loading hello command runner ...
my-app (my-app v1.0.0)

Hello, Alice!
