╔══════════════════════════════╗
║     My Awesome CLI v1.0      ║
╚══════════════════════════════╝

