[custom-a] Decorating usage
[custom-b] Decorating usage
USAGE:
  my-cli <OPTIONS>

OPTIONS:
  -h, --help             Display this help message
  -v, --version          Display this version

ðŸ“¦ Enhanced by Plugin A
ðŸŽ¨ Styled by Plugin B
