Database plugin initialized
An example CLI demonstrating advanced type system with combined plugins (advanced-combine)

Welcome to the advanced type-system combine CLI!
