Cleaning build artifacts...
Clearing cache...
Clean complete!
